// Jest Snapshot v1, https://goo.gl/fbAQLP

exports[`graphql endpoint can query graphgist 1`] = `
Object {
  "data": Object {
    "GraphGist": Array [
      Object {
        "title": "Hello World",
      },
      Object {
        "title": "Hello World",
      },
    ],
  },
  "errors": undefined,
  "extensions": undefined,
  "http": Object {
    "headers": Headers {
      Symbol(map): Object {},
    },
  },
}
`;
